DEBUG:root:The debug message is logged
DEBUG:root:
Stopwatch has started
